
> dao123@0.1.0 test
> vitest


[1m[44m DEV [49m[22m [34mv4.0.15 [39m[90m/Users/alex/Develop/dao123[39m

 [32m✓[39m src/lib/validation.test.ts [2m([22m[2m19 tests[22m[2m)[22m[32m 5[2mms[22m[39m
 [32m✓[39m src/lib/page-parser.test.ts [2m([22m[2m16 tests[22m[2m)[22m[32m 7[2mms[22m[39m

[2m Test Files [22m [1m[32m2 passed[39m[22m[90m (2)[39m
[2m      Tests [22m [1m[32m35 passed[39m[22m[90m (35)[39m
[2m   Start at [22m 22:51:08
[2m   Duration [22m 526ms[2m (transform 76ms, setup 0ms, import 96ms, tests 11ms, environment 701ms)[22m

[1m[42m PASS [49m[22m [32mWaiting for file changes...[39m
       [2mpress [22m[1mh[22m[2m to show help[22m[2m, [22m[2mpress [22m[1mq[22m[2m to quit[22m
